Room room assigned
room
Tester Apr 1 15 2 TutesAtThree
Tester Apr 8 15 2 TutesAtThree
Tester Apr 15 15 2 TutesAtThree
Tester Apr 22 15 2 TutesAtThree
Tester Apr 29 15 2 TutesAtThree
Tester May 6 15 2 TutesAtThree
Tester May 13 15 2 TutesAtThree
Reservations deleted
room
Tester Apr 1 15 2 TutesAtThree
Tester Apr 8 15 2 TutesAtThree
Tester Apr 29 15 2 TutesAtThree
Tester May 6 15 2 TutesAtThree
Tester May 13 15 2 TutesAtThree
Room room assigned
room
Tester Apr 1 15 2 TutesAtThree
Tester Apr 8 15 2 TutesAtThree
Tester Apr 15 15 1 OneHourTute
Tester Apr 22 15 1 OneHourTute
Tester Apr 29 15 2 TutesAtThree
Tester May 6 15 2 TutesAtThree
Tester May 13 15 2 TutesAtThree
Reservations deleted
room
Tester Apr 1 15 2 TutesAtThree
Tester Apr 22 15 1 OneHourTute
Tester Apr 29 15 2 TutesAtThree
Tester May 6 15 2 TutesAtThree
Tester May 13 15 2 TutesAtThree
Booking rejected
room
Tester Apr 1 15 2 TutesAtThree
Tester Apr 22 15 1 OneHourTute
Tester Apr 29 15 2 TutesAtThree
Tester May 6 15 2 TutesAtThree
Tester May 13 15 2 TutesAtThree
Deletion rejected
room
Tester Apr 1 15 2 TutesAtThree
Tester Apr 22 15 1 OneHourTute
Tester Apr 29 15 2 TutesAtThree
Tester May 6 15 2 TutesAtThree
Tester May 13 15 2 TutesAtThree
Reservations deleted
room
Tester Apr 22 15 1 OneHourTute
Tester Apr 29 15 2 TutesAtThree
Tester May 6 15 2 TutesAtThree
Tester May 13 15 2 TutesAtThree
Reservations deleted
room
